------------------------------------------------------------
TimeQuest Timing Analyzer Summary
------------------------------------------------------------

Type  : Slow 1200mV 85C Model Setup 'CLK'
Slack : -2.545
TNS   : -1451.039

Type  : Slow 1200mV 85C Model Hold 'CLK'
Slack : 0.433
TNS   : 0.000

Type  : Slow 1200mV 85C Model Recovery 'CLK'
Slack : 6.320
TNS   : 0.000

Type  : Slow 1200mV 85C Model Removal 'CLK'
Slack : 2.809
TNS   : 0.000

Type  : Slow 1200mV 85C Model Minimum Pulse Width 'CLK'
Slack : 9.631
TNS   : 0.000

Type  : Slow 1200mV 0C Model Setup 'CLK'
Slack : -0.867
TNS   : -45.876

Type  : Slow 1200mV 0C Model Hold 'CLK'
Slack : 0.397
TNS   : 0.000

Type  : Slow 1200mV 0C Model Recovery 'CLK'
Slack : 6.668
TNS   : 0.000

Type  : Slow 1200mV 0C Model Removal 'CLK'
Slack : 2.542
TNS   : 0.000

Type  : Slow 1200mV 0C Model Minimum Pulse Width 'CLK'
Slack : 9.698
TNS   : 0.000

Type  : Fast 1200mV 0C Model Setup 'CLK'
Slack : 8.903
TNS   : 0.000

Type  : Fast 1200mV 0C Model Hold 'CLK'
Slack : 0.164
TNS   : 0.000

Type  : Fast 1200mV 0C Model Recovery 'CLK'
Slack : 8.272
TNS   : 0.000

Type  : Fast 1200mV 0C Model Removal 'CLK'
Slack : 1.378
TNS   : 0.000

Type  : Fast 1200mV 0C Model Minimum Pulse Width 'CLK'
Slack : 9.325
TNS   : 0.000

------------------------------------------------------------
